DILEEP@DESKTOP-PP6LE4L MINGW64 /c/Desktop
$ cd webDevelop

DILEEP@DESKTOP-PP6LE4L MINGW64 /c/Desktop/webDevelop
$ git init
Initialized empty Git repository in C:/Desktop/webDevelop/.git/

DILEEP@DESKTOP-PP6LE4L MINGW64 /c/Desktop/webDevelop (master)
$ git add .

DILEEP@DESKTOP-PP6LE4L MINGW64 /c/Desktop/webDevelop (master)
$ git commit -m"first commit"
Author identity unknown

*** Please tell me who you are.

Run

  git config --global user.email "you@example.com"
  git config --global user.name "Your Name"

to set your account's default identity.
Omit --global to set the identity only in this repository.

fatal: unable to auto-detect email address (got 'DILEEP@DESKTOP-PP6LE4L.(none)')

DILEEP@DESKTOP-PP6LE4L MINGW64 /c/Desktop/webDevelop (master)
$

DILEEP@DESKTOP-PP6LE4L MINGW64 /c/Desktop/webDevelop (master)
$ git config --global user.email "dileepreddynomula@gmail.com"

DILEEP@DESKTOP-PP6LE4L MINGW64 /c/Desktop/webDevelop (master)
$ git config --global user.name "NomulaDileepReddy"

DILEEP@DESKTOP-PP6LE4L MINGW64 /c/Desktop/webDevelop (master)
$ git commit -m"first commit"
[master (root-commit) 8ce2ac8] first commit
 26 files changed, 439 insertions(+)
 create mode 100644 basics/NarrowCasting.class
 create mode 100644 basics/NarrowCasting.java
 create mode 100644 basics/abde.webp
 create mode 100644 basics/index.html
 create mode 100644 basics/javalesson.class
 create mode 100644 basics/javalesson.java
 create mode 100644 basics/styles.css
 create mode 100644 frontend/HtmlPrograms/Assignment.html
 create mode 100644 frontend/HtmlPrograms/akshu.jpg
 create mode 100644 frontend/HtmlPrograms/bir.jpg
 create mode 100644 frontend/HtmlPrograms/cricket.mp4
 create mode 100644 frontend/HtmlPrograms/cssdemo.css
 create mode 100644 frontend/HtmlPrograms/cssdemo.html
 create mode 100644 frontend/HtmlPrograms/dil.jpg
 create mode 100644 frontend/HtmlPrograms/dress.jpg
 create mode 100644 frontend/HtmlPrograms/dress1.jpg
 create mode 100644 frontend/HtmlPrograms/form.html
 create mode 100644 frontend/HtmlPrograms/home.html
 create mode 100644 frontend/HtmlPrograms/index.html
 create mode 100644 frontend/HtmlPrograms/menu.html
 create mode 100644 frontend/HtmlPrograms/registrationform.html
 create mode 100644 frontend/HtmlPrograms/shoes.jpg
 create mode 100644 frontend/HtmlPrograms/sumbitted.html
 create mode 100644 frontend/HtmlPrograms/textformatting.html
 create mode 100644 frontend/HtmlPrograms/video.html
 create mode 100644 frontend/HtmlPrograms/watch.jpg

DILEEP@DESKTOP-PP6LE4L MINGW64 /c/Desktop/webDevelop (master)
$ git remote add origin https://github.com/NomulaDileepReddy/mern_stack

DILEEP@DESKTOP-PP6LE4L MINGW64 /c/Desktop/webDevelop (master)
$ git commit -u origin master
error: pathspec 'origin' did not match any file(s) known to git
error: pathspec 'master' did not match any file(s) known to git

DILEEP@DESKTOP-PP6LE4L MINGW64 /c/Desktop/webDevelop (master)
$ git push origin -u master
dilEnumerating objects: 31, done.
Counting objects: 100% (31/31), done.
Delta compression using up to 8 threads
Compressing objects: 100% (29/29), done.
Writing objects: 100% (31/31), 1.75 MiB | 2.46 MiB/s, done.
Total 31 (delta 0), reused 0 (delta 0), pack-reused 0
remote:
remote: Create a pull request for 'master' on GitHub by visiting:
remote:      https://github.com/NomulaDileepReddy/mern_stack/pull/new/master
remote:
To https://github.com/NomulaDileepReddy/mern_stack
 * [new branch]      master -> master
branch 'master' set up to track 'origin/master'.

DILEEP@DESKTOP-PP6LE4L MINGW64 /c/Desktop/webDevelop (master)
$ git status
On branch master
Your branch is up to date with 'origin/master'.

nothing to commit, working tree clean

DILEEP@DESKTOP-PP6LE4L MINGW64 /c/Desktop/webDevelop (master)
$ git status
On branch master
Your branch is up to date with 'origin/master'.

Untracked files:
  (use "git add <file>..." to include in what will be committed)
        frontend/HtmlPrograms/demoo.txt

nothing added to commit but untracked files present (use "git add" to track)

DILEEP@DESKTOP-PP6LE4L MINGW64 /c/Desktop/webDevelop (master)
$ git add .

DILEEP@DESKTOP-PP6LE4L MINGW64 /c/Desktop/webDevelop (master)
$ git commit -m"demo commit"
[master c2929c0] demo commit
 1 file changed, 0 insertions(+), 0 deletions(-)
 create mode 100644 frontend/HtmlPrograms/demoo.txt

DILEEP@DESKTOP-PP6LE4L MINGW64 /c/Desktop/webDevelop (master)
$ git push origin -u master
Enumerating objects: 8, done.
Counting objects: 100% (8/8), done.
Delta compression using up to 8 threads
Compressing objects: 100% (3/3), done.
Writing objects: 100% (5/5), 397 bytes | 397.00 KiB/s, done.
Total 5 (delta 1), reused 0 (delta 0), pack-reused 0
remote: Resolving deltas: 100% (1/1), completed with 1 local object.
To https://github.com/NomulaDileepReddy/mern_stack
   8ce2ac8..c2929c0  master -> master
branch 'master' set up to track 'origin/master'.

DILEEP@DESKTOP-PP6LE4L MINGW64 /c/Desktop/webDevelop (master)
$
